// Bun Snapshot v1, https://bun.sh/docs/test/snapshots

exports[`v1 surface — REST inventory of registered routes is stable 1`] = `
[
  "DELETE  /api/agents/:name/knowledge/sources/:id/cache",
  "GET     /api/agents",
  "GET     /api/agents/:name",
  "GET     /api/agents/:name/drift-check",
  "GET     /api/agents/:name/install-state",
  "GET     /api/agents/:name/installed-status",
  "GET     /api/agents/:name/knowledge/sources/:id/cache-status",
  "GET     /api/agents/:name/mcp-servers-and-tools",
  "GET     /api/agents/:name/mcp-wiring-plan",
  "GET     /api/agents/:name/refresh-manifest",
  "GET     /api/agents/installed-statuses",
  "GET     /api/atlassian-env",
  "GET     /api/atlassian/affected-sources",
  "GET     /api/catalogs",
  "GET     /api/conventions",
  "GET     /api/daemon/env",
  "GET     /api/daemon/log/stream",
  "GET     /api/daemon/status",
  "GET     /api/doctor",
  "GET     /api/health",
  "GET     /api/history",
  "GET     /api/history/:id/output",
  "GET     /api/history/search",
  "GET     /api/installed-skills",
  "GET     /api/jack-out/dry-run",
  "GET     /api/jobs/:id",
  "GET     /api/jobs/:id/stream",
  "GET     /api/knowledge/:agent",
  "GET     /api/knowledge/:agent/refresh-history",
  "GET     /api/knowledge/refresh-summary",
  "GET     /api/model-config",
  "GET     /api/onboarding-status",
  "GET     /api/registry",
  "GET     /api/settings",
  "GET     /api/skill-catalogs",
  "GET     /api/skills",
  "GET     /api/skills/:name",
  "GET     /api/status",
  "GET     /api/update/preview",
  "GET     /api/user-md",
  "POST    /api/agents/:name/export/plan",
  "POST    /api/agents/:name/mcp-wiring",
  "POST    /api/agents/discover-from-url",
  "POST    /api/fs/show",
  "POST    /api/git/verify-remote",
  "POST    /api/import/stage",
  "POST    /api/jobs",
  "POST    /api/jobs/:id/respond",
  "POST    /api/knowledge/parse-url",
  "POST    /api/skills/discover-from-url",
  "PUT     /api/agents/:name/config",
  "PUT     /api/agents/:name/persona/:file",
  "PUT     /api/atlassian-env",
  "PUT     /api/conventions",
  "PUT     /api/daemon/env",
  "PUT     /api/knowledge/:agent/consent",
  "PUT     /api/model-config",
  "PUT     /api/settings",
  "PUT     /api/user-md",
]
`;
